Code: 500
Body: Internal Server Error
